MPLINK 5.09, LINKER
Linker Map File - Created Sun May 10 16:41:22 2026

                                 Section Info
                  Section       Type    Address   Location Size(Bytes)
                ---------  ---------  ---------  ---------  ---------
                   .org_0       code   0x000000    program   0x000002
                   .cinit    romdata   0x000001    program   0x000004
                   .org_1       code   0x000004    program   0x000002
                   .org_2       code   0x000010    program   0x000046
.config_2007_BUILD/DEFAULT/PRODUCTION/NEWASMT       code   0x002007    program   0x000002



                              Program Memory Usage 
                               Start         End      
                           ---------   ---------      
                            0x000000    0x000002      
                            0x000004    0x000004      
                            0x000010    0x000032      
                            0x002007    0x002007      
            40 out of 2182 program addresses used, program memory utilization is 1%



                              Symbols - Sorted by Name
                     Name    Address   Location    Storage File                     
                ---------  ---------  ---------  --------- ---------                
              ALARM_AKTIF   0x00001e    program     static C:\Users\nabil\OneDrive\Desktop\finalmicro\odev2\ODEV2.X\newAsmTemplate.asm
              ALARM_KAPAT   0x00001b    program     static C:\Users\nabil\OneDrive\Desktop\finalmicro\odev2\ODEV2.X\newAsmTemplate.asm
                ANA_DONGU   0x000032    program     static C:\Users\nabil\OneDrive\Desktop\finalmicro\odev2\ODEV2.X\newAsmTemplate.asm
                   BASLAT   0x000026    program     static C:\Users\nabil\OneDrive\Desktop\finalmicro\odev2\ODEV2.X\newAsmTemplate.asm
                    KESME   0x000010    program     static C:\Users\nabil\OneDrive\Desktop\finalmicro\odev2\ODEV2.X\newAsmTemplate.asm
              KESME_BITIR   0x000021    program     static C:\Users\nabil\OneDrive\Desktop\finalmicro\odev2\ODEV2.X\newAsmTemplate.asm



                              Symbols - Sorted by Address
                     Name    Address   Location    Storage File                     
                ---------  ---------  ---------  --------- ---------                
                    KESME   0x000010    program     static C:\Users\nabil\OneDrive\Desktop\finalmicro\odev2\ODEV2.X\newAsmTemplate.asm
              ALARM_KAPAT   0x00001b    program     static C:\Users\nabil\OneDrive\Desktop\finalmicro\odev2\ODEV2.X\newAsmTemplate.asm
              ALARM_AKTIF   0x00001e    program     static C:\Users\nabil\OneDrive\Desktop\finalmicro\odev2\ODEV2.X\newAsmTemplate.asm
              KESME_BITIR   0x000021    program     static C:\Users\nabil\OneDrive\Desktop\finalmicro\odev2\ODEV2.X\newAsmTemplate.asm
                   BASLAT   0x000026    program     static C:\Users\nabil\OneDrive\Desktop\finalmicro\odev2\ODEV2.X\newAsmTemplate.asm
                ANA_DONGU   0x000032    program     static C:\Users\nabil\OneDrive\Desktop\finalmicro\odev2\ODEV2.X\newAsmTemplate.asm


